
C:\projects\KKMindWave\SpectrumCore\lib\vendor\audacity\au3\scripts\piped-work\pipeclient.py:192: DeprecationWarning: isSet() is deprecated, use is_set() instead
  if PipeClient.reader_pipe_broken.isSet():
C:\projects\KKMindWave\SpectrumCore\lib\vendor\audacity\au3\scripts\piped-work\pipeclient.py:248: DeprecationWarning: isSet() is deprecated, use is_set() instead
  if not PipeClient.reply_ready.isSet():
Enter command or 'Q' to quit: Sending command: New:
BatchCommand finished: OK
Execution time: 506.01ms

Enter command or 'Q' to quit: Sending command: Import2: Filename=c:\projects\KKMindWave\SpectrumCore\cli\build\x64\sine440_1s_mono_44k.wav
BatchCommand finished: OK
Execution time: 94.81ms

Enter command or 'Q' to quit: Sending command: SelectTracks: Track=0 TrackCount=1 Mode=Set
BatchCommand finished: OK
Execution time: 58.66ms

Enter command or 'Q' to quit: Sending command: SetTrack: Display=Spectrogram SpecPrefs=1 Height=300
BatchCommand finished: OK
Execution time: 44.75ms

Enter command or 'Q' to quit: Sending command: GetInfo: Type=Tracks Format=JSON
[ 
  { "name":"sine440_1s_mono_44k", "focused":1, "selected":1, "kind":"wave", "start":0, "end":1, "pan":0, "volume":1, "channels":1, "solo":0, "mute":0, "VZoomMin":-1, "VZoomMax":1 } ]
BatchCommand finished: OK
Execution time: 47.83ms

Enter command or 'Q' to quit: 
